exports[`test index.js 1`] = `
"// @flow

export var name: \"subdir/custom_resolve_dir/testproj2\" = \"subdir/custom_resolve_dir/testproj2\";
~~~~~~~~~~~~~~~~~~~~~~~~~~~~~~~~~~~~~~~~~~~~~~~~~~~~~~~~~~~~~~~~~~~~~~~~~~~~~~~~
// @flow

export var name: \"subdir/custom_resolve_dir/testproj2\" =
  \"subdir/custom_resolve_dir/testproj2\";
"
`;
